[    0.000000] Linux version 4.15.0-129-generic (buildd@lcy01-amd64-017) (gcc version 7.5.0 (Ubuntu 7.5.0-3ubuntu1~18.04)) #132-Ubuntu SMP Thu Dec 10 14:02:26 UTC 2020 (Ubuntu 4.15.0-129.132-generic 4.15.18)
[    0.000000] Command line: BOOT_IMAGE=/boot/vmlinuz-4.15.0-129-generic root=LABEL=cloudimg-rootfs ro console=tty1 console=ttyS0
[    0.000000] KERNEL supported cpus:
[    0.000000]   Intel GenuineIntel
[    0.000000]   AMD AuthenticAMD
[    0.000000]   Centaur CentaurHauls
[    0.000000] x86/fpu: Supporting XSAVE feature 0x001: 'x87 floating point registers'
[    0.000000] x86/fpu: Supporting XSAVE feature 0x002: 'SSE registers'
[    0.000000] x86/fpu: Supporting XSAVE feature 0x004: 'AVX registers'
[    0.000000] x86/fpu: xstate_offset[2]:  576, xstate_sizes[2]:  256
[    0.000000] x86/fpu: Enabled xstate features 0x7, context size is 832 bytes, using 'standard' format.
[    0.000000] e820: BIOS-provided physical RAM map:
[    0.000000] BIOS-e820: [mem 0x0000000000000000-0x000000000009fbff] usable
[    0.000000] BIOS-e820: [mem 0x000000000009fc00-0x000000000009ffff] reserved
[    0.000000] BIOS-e820: [mem 0x00000000000f0000-0x00000000000fffff] reserved
[    0.000000] BIOS-e820: [mem 0x0000000000100000-0x000000007ffeffff] usable
[    0.000000] BIOS-e820: [mem 0x000000007fff0000-0x000000007fffffff] ACPI data
[    0.000000] BIOS-e820: [mem 0x00000000fec00000-0x00000000fec00fff] reserved
[    0.000000] BIOS-e820: [mem 0x00000000fee00000-0x00000000fee00fff] reserved
[    0.000000] BIOS-e820: [mem 0x00000000fffc0000-0x00000000ffffffff] reserved
[    0.000000] NX (Execute Disable) protection: active
[    0.000000] SMBIOS 2.5 present.
[    0.000000] DMI: innotek GmbH VirtualBox/VirtualBox, BIOS VirtualBox 12/01/2006
[    0.000000] Hypervisor detected: KVM
[    0.000000] e820: last_pfn = 0x7fff0 max_arch_pfn = 0x400000000
[    0.000000] MTRR: Disabled
[    0.000000] x86/PAT: MTRRs disabled, skipping PAT initialization too.
[    0.000000] CPU MTRRs all blank - virtualized system.
[    0.000000] x86/PAT: Configuration [0-7]: WB  WT  UC- UC  WB  WT  UC- UC  
[    0.000000] found SMP MP-table at [mem 0x0009fff0-0x0009ffff]
[    0.000000] Scanning 1 areas for low memory corruption
[    0.000000] RAMDISK: [mem 0x35a63000-0x36d28fff]
[    0.000000] ACPI: Early table checksum verification disabled
[    0.000000] ACPI: RSDP 0x00000000000E0000 000024 (v02 VBOX  )
[    0.000000] ACPI: XSDT 0x000000007FFF0030 00003C (v01 VBOX   VBOXXSDT 00000001 ASL  00000061)
[    0.000000] ACPI: FACP 0x000000007FFF00F0 0000F4 (v04 VBOX   VBOXFACP 00000001 ASL  00000061)
[    0.000000] ACPI: DSDT 0x000000007FFF0470 0022EA (v02 VBOX   VBOXBIOS 00000002 INTL 20100528)
[    0.000000] ACPI: FACS 0x000000007FFF0200 000040
[    0.000000] ACPI: FACS 0x000000007FFF0200 000040
[    0.000000] ACPI: APIC 0x000000007FFF0240 00005C (v02 VBOX   VBOXAPIC 00000001 ASL  00000061)
[    0.000000] ACPI: SSDT 0x000000007FFF02A0 0001CC (v01 VBOX   VBOXCPUT 00000002 INTL 20100528)
[    0.000000] No NUMA configuration found
[    0.000000] Faking a node at [mem 0x0000000000000000-0x000000007ffeffff]
[    0.000000] NODE_DATA(0) allocated [mem 0x7ffc5000-0x7ffeffff]
[    0.000000] kvm-clock: cpu 0, msr 0:7ff44001, primary cpu clock
[    0.000000] kvm-clock: Using msrs 4b564d01 and 4b564d00
[    0.000000] kvm-clock: using sched offset of 3498180209 cycles
[    0.000000] clocksource: kvm-clock: mask: 0xffffffffffffffff max_cycles: 0x1cd42e4dffb, max_idle_ns: 881590591483 ns
[    0.000000] Zone ranges:
[    0.000000]   DMA      [mem 0x0000000000001000-0x0000000000ffffff]
[    0.000000]   DMA32    [mem 0x0000000001000000-0x000000007ffeffff]
[    0.000000]   Normal   empty
[    0.000000]   Device   empty
[    0.000000] Movable zone start for each node
[    0.000000] Early memory node ranges
[    0.000000]   node   0: [mem 0x0000000000001000-0x000000000009efff]
[    0.000000]   node   0: [mem 0x0000000000100000-0x000000007ffeffff]
[    0.000000] Reserved but unavailable: 98 pages
[    0.000000] Initmem setup node 0 [mem 0x0000000000001000-0x000000007ffeffff]
[    0.000000] ACPI: PM-Timer IO Port: 0x4008
[    0.000000] IOAPIC[0]: apic_id 2, version 32, address 0xfec00000, GSI 0-23
[    0.000000] ACPI: INT_SRC_OVR (bus 0 bus_irq 0 global_irq 2 dfl dfl)
[    0.000000] ACPI: INT_SRC_OVR (bus 0 bus_irq 9 global_irq 9 low level)
[    0.000000] Using ACPI (MADT) for SMP configuration information
[    0.000000] smpboot: Allowing 2 CPUs, 0 hotplug CPUs
[    0.000000] PM: Registered nosave memory: [mem 0x00000000-0x00000fff]
[    0.000000] PM: Registered nosave memory: [mem 0x0009f000-0x0009ffff]
[    0.000000] PM: Registered nosave memory: [mem 0x000a0000-0x000effff]
[    0.000000] PM: Registered nosave memory: [mem 0x000f0000-0x000fffff]
[    0.000000] e820: [mem 0x80000000-0xfebfffff] available for PCI devices
[    0.000000] Booting paravirtualized kernel on KVM
[    0.000000] clocksource: refined-jiffies: mask: 0xffffffff max_cycles: 0xffffffff, max_idle_ns: 7645519600211568 ns
[    0.000000] random: get_random_bytes called from start_kernel+0x99/0x500 with crng_init=0
[    0.000000] setup_percpu: NR_CPUS:8192 nr_cpumask_bits:2 nr_cpu_ids:2 nr_node_ids:1
[    0.000000] percpu: Embedded 45 pages/cpu s147456 r8192 d28672 u1048576
[    0.000000] PV qspinlock hash table entries: 256 (order: 0, 4096 bytes)
[    0.000000] Built 1 zonelists, mobility grouping on.  Total pages: 515961
[    0.000000] Policy zone: DMA32
[    0.000000] Kernel command line: BOOT_IMAGE=/boot/vmlinuz-4.15.0-129-generic root=LABEL=cloudimg-rootfs ro console=tty1 console=ttyS0
[    0.000000] Memory: 2015212K/2096696K available (12300K kernel code, 2482K rwdata, 4276K rodata, 2440K init, 2724K bss, 81484K reserved, 0K cma-reserved)
[    0.000000] SLUB: HWalign=64, Order=0-3, MinObjects=0, CPUs=2, Nodes=1
[    0.000000] ftrace: allocating 39421 entries in 154 pages
[    0.004000] Hierarchical RCU implementation.
[    0.004000] 	RCU restricting CPUs from NR_CPUS=8192 to nr_cpu_ids=2.
[    0.004000] 	Tasks RCU enabled.
[    0.004000] RCU: Adjusting geometry for rcu_fanout_leaf=16, nr_cpu_ids=2
[    0.004000] NR_IRQS: 524544, nr_irqs: 440, preallocated irqs: 16
[    0.004000] Console: colour VGA+ 80x25
[    0.004000] console [tty1] enabled
[    0.004000] console [ttyS0] enabled
[    0.004000] ACPI: Core revision 20170831
[    0.004000] ACPI: 2 ACPI AML tables successfully acquired and loaded
[    0.004000] APIC: Switch to symmetric I/O mode setup
[    0.004000] x2apic enabled
[    0.004000] Switched APIC routing to physical x2apic.
[    0.004000] ..TIMER: vector=0x30 apic1=0 pin1=2 apic2=-1 pin2=-1
[    0.004000] tsc: Detected 2112.004 MHz processor
[    0.004006] Calibrating delay loop (skipped) preset value.. 4224.00 BogoMIPS (lpj=8448016)
[    0.005047] pid_max: default: 32768 minimum: 301
[    0.005688] Security Framework initialized
[    0.006203] Yama: becoming mindful.
[    0.006720] AppArmor: AppArmor initialized
[    0.008000] Dentry cache hash table entries: 262144 (order: 9, 2097152 bytes)
[    0.010977] Inode-cache hash table entries: 131072 (order: 8, 1048576 bytes)
[    0.012014] Mount-cache hash table entries: 4096 (order: 3, 32768 bytes)
[    0.016005] Mountpoint-cache hash table entries: 4096 (order: 3, 32768 bytes)
[    0.017107] Last level iTLB entries: 4KB 64, 2MB 8, 4MB 8
[    0.017811] Last level dTLB entries: 4KB 64, 2MB 0, 4MB 0, 1GB 4
[    0.018567] Spectre V1 : Mitigation: usercopy/swapgs barriers and __user pointer sanitization
[    0.019636] unchecked MSR access error: WRMSR to 0x48 (tried to write 0x0000000000000001) at rIP: 0xffffffff8c86f428 (native_write_msr+0x8/0x30)
[    0.020002] Call Trace:
[    0.020375]  wrmsrl+0x16/0x20
[    0.020768]  check_bugs+0x263/0xa11
[    0.021267]  ? delayacct_init+0x52/0x70
[    0.021750]  start_kernel+0x4b8/0x500
[    0.022248]  x86_64_start_reservations+0x24/0x26
[    0.024002]  x86_64_start_kernel+0x74/0x77
[    0.024594]  secondary_startup_64+0xa5/0xb0
[    0.025115] Spectre V2 : Mitigation: Enhanced IBRS
[    0.025739] Spectre V2 : Spectre v2 / SpectreRSB mitigation: Filling RSB on context switch
[    0.026779] Speculative Store Bypass: Vulnerable
[    0.027397] SRBDS: Mitigation: TSX disabled
[    0.028158] Freeing SMP alternatives memory: 36K
[    0.138699] smpboot: CPU0: Intel(R) Core(TM) i5-10210U CPU @ 1.60GHz (family: 0x6, model: 0x8e, stepping: 0xc)
[    0.140000] Performance Events: unsupported p6 CPU model 142 no PMU driver, software events only.
[    0.140000] Hierarchical SRCU implementation.
[    0.140000] NMI watchdog: Perf event create on CPU 0 failed with -2
[    0.140002] NMI watchdog: Perf NMI watchdog permanently disabled
[    0.140858] smp: Bringing up secondary CPUs ...
[    0.141542] x86: Booting SMP configuration:
[    0.142096] .... node  #0, CPUs:      #1
[    0.004000] kvm-clock: cpu 1, msr 0:7ff44041, secondary cpu clock
[    0.146320] smp: Brought up 1 node, 2 CPUs
[    0.146320] smpboot: Max logical packages: 1
[    0.146320] smpboot: Total of 2 processors activated (8448.01 BogoMIPS)
[    0.148173] devtmpfs: initialized
[    0.148526] x86/mm: Memory block size: 128MB
[    0.149249] evm: security.selinux
[    0.149706] evm: security.SMACK64
[    0.150212] evm: security.SMACK64EXEC
[    0.150700] evm: security.SMACK64TRANSMUTE
[    0.151252] evm: security.SMACK64MMAP
[    0.152003] evm: security.apparmor
[    0.152746] evm: security.ima
[    0.153225] evm: security.capability
[    0.153798] clocksource: jiffies: mask: 0xffffffff max_cycles: 0xffffffff, max_idle_ns: 7645041785100000 ns
[    0.153798] futex hash table entries: 512 (order: 3, 32768 bytes)
[    0.156051] pinctrl core: initialized pinctrl subsystem
[    0.156789] RTC time: 14:07:36, date: 01/08/21
[    0.157498] NET: Registered protocol family 16
[    0.158143] audit: initializing netlink subsys (disabled)
[    0.158842] audit: type=2000 audit(1610114861.948:1): state=initialized audit_enabled=0 res=1
[    0.160008] cpuidle: using governor ladder
[    0.160556] cpuidle: using governor menu
[    0.161107] ACPI: bus type PCI registered
[    0.161648] acpiphp: ACPI Hot Plug PCI Controller Driver version: 0.5
[    0.162548] PCI: Using configuration type 1 for base access
[    0.164028] HugeTLB registered 2.00 MiB page size, pre-allocated 0 pages
[    0.166354] ACPI: Added _OSI(Module Device)
[    0.168007] ACPI: Added _OSI(Processor Device)
[    0.168581] ACPI: Added _OSI(3.0 _SCP Extensions)
[    0.169212] ACPI: Added _OSI(Processor Aggregator Device)
[    0.169901] ACPI: Added _OSI(Linux-Dell-Video)
[    0.170480] ACPI: Added _OSI(Linux-Lenovo-NV-HDMI-Audio)
[    0.171189] ACPI: Added _OSI(Linux-HPI-Hybrid-Graphics)
[    0.172230] ACPI: Executed 1 blocks of module-level executable AML code
[    0.176203] ACPI: Interpreter enabled
[    0.176724] ACPI: (supports S0 S5)
[    0.177189] ACPI: Using IOAPIC for interrupt routing
[    0.178008] PCI: Using host bridge windows from ACPI; if necessary, use "pci=nocrs" and report a bug
[    0.179308] ACPI: Enabled 2 GPEs in block 00 to 07
[    0.184551] ACPI: PCI Root Bridge [PCI0] (domain 0000 [bus 00-ff])
[    0.185351] acpi PNP0A03:00: _OSC: OS supports [ASPM ClockPM Segments MSI]
[    0.186553] acpi PNP0A03:00: _OSC: not requesting OS control; OS requires [ExtendedConfig ASPM ClockPM MSI]
[    0.187775] acpi PNP0A03:00: fail to add MMCONFIG information, can't access extended PCI configuration space under this bridge.
[    0.188262] PCI host bridge to bus 0000:00
[    0.188827] pci_bus 0000:00: root bus resource [io  0x0000-0x0cf7 window]
[    0.189691] pci_bus 0000:00: root bus resource [io  0x0d00-0xffff window]
[    0.191039] pci_bus 0000:00: root bus resource [mem 0x000a0000-0x000bffff window]
[    0.192002] pci_bus 0000:00: root bus resource [mem 0x80000000-0xfdffffff window]
[    0.192990] pci_bus 0000:00: root bus resource [bus 00-ff]
[    0.196311] pci 0000:00:01.1: legacy IDE quirk: reg 0x10: [io  0x01f0-0x01f7]
[    0.197458] pci 0000:00:01.1: legacy IDE quirk: reg 0x14: [io  0x03f6]
[    0.198391] pci 0000:00:01.1: legacy IDE quirk: reg 0x18: [io  0x0170-0x0177]
[    0.199338] pci 0000:00:01.1: legacy IDE quirk: reg 0x1c: [io  0x0376]
[    0.220718] pci 0000:00:07.0: quirk: [io  0x4000-0x403f] claimed by PIIX4 ACPI
[    0.221680] pci 0000:00:07.0: quirk: [io  0x4100-0x410f] claimed by PIIX4 SMB
[    0.234544] ACPI: PCI Interrupt Link [LNKA] (IRQs 5 9 10 *11)
[    0.235501] ACPI: PCI Interrupt Link [LNKB] (IRQs 5 9 *10 11)
[    0.236061] ACPI: PCI Interrupt Link [LNKC] (IRQs 5 *9 10 11)
[    0.237038] ACPI: PCI Interrupt Link [LNKD] (IRQs 5 9 10 *11)
[    0.238007] SCSI subsystem initialized
[    0.238598] pci 0000:00:02.0: vgaarb: setting as boot VGA device
[    0.238598] pci 0000:00:02.0: vgaarb: VGA device added: decodes=io+mem,owns=io+mem,locks=none
[    0.240008] pci 0000:00:02.0: vgaarb: bridge control possible
[    0.240820] vgaarb: loaded
[    0.241202] ACPI: bus type USB registered
[    0.241749] usbcore: registered new interface driver usbfs
[    0.242507] usbcore: registered new interface driver hub
[    0.243160] usbcore: registered new device driver usb
[    0.244044] EDAC MC: Ver: 3.0.0
[    0.244637] PCI: Using ACPI for IRQ routing
[    0.248196] NetLabel: Initializing
[    0.248694] NetLabel:  domain hash size = 128
[    0.249234] NetLabel:  protocols = UNLABELED CIPSOv4 CALIPSO
[    0.250290] NetLabel:  unlabeled traffic allowed by default
[    0.251277] clocksource: Switched to clocksource kvm-clock
[    0.262706] VFS: Disk quotas dquot_6.6.0
[    0.263525] VFS: Dquot-cache hash table entries: 512 (order 0, 4096 bytes)
[    0.264493] AppArmor: AppArmor Filesystem Enabled
[    0.265145] pnp: PnP ACPI init
[    0.266396] pnp: PnP ACPI: found 3 devices
[    0.274615] clocksource: acpi_pm: mask: 0xffffff max_cycles: 0xffffff, max_idle_ns: 2085701024 ns
[    0.275781] NET: Registered protocol family 2
[    0.276622] TCP established hash table entries: 16384 (order: 5, 131072 bytes)
[    0.277637] TCP bind hash table entries: 16384 (order: 6, 262144 bytes)
[    0.278500] TCP: Hash tables configured (established 16384 bind 16384)
[    0.281779] UDP hash table entries: 1024 (order: 3, 32768 bytes)
[    0.282569] UDP-Lite hash table entries: 1024 (order: 3, 32768 bytes)
[    0.283433] NET: Registered protocol family 1
[    0.284032] pci 0000:00:00.0: Limiting direct PCI/PCI transfers
[    0.284788] pci 0000:00:01.0: Activating ISA DMA hang workarounds
[    0.285593] pci 0000:00:02.0: Video device with shadowed ROM at [mem 0x000c0000-0x000dffff]
[    0.286718] Unpacking initramfs...
[    0.595996] Freeing initrd memory: 19224K
[    0.596796] clocksource: tsc: mask: 0xffffffffffffffff max_cycles: 0x1e717c37157, max_idle_ns: 440795284133 ns
[    0.598165] platform rtc_cmos: registered platform RTC device (no PNP device found)
[    0.599172] Scanning for low memory corruption every 60 seconds
[    0.600385] Initialise system trusted keyrings
[    0.600943] Key type blacklist registered
[    0.601538] workingset: timestamp_bits=36 max_order=19 bucket_order=0
[    0.603076] zbud: loaded
[    0.603769] squashfs: version 4.0 (2009/01/31) Phillip Lougher
[    0.604803] fuse init (API version 7.26)
[    0.606980] Key type asymmetric registered
[    0.607529] Asymmetric key parser 'x509' registered
[    0.608934] Block layer SCSI generic (bsg) driver version 0.4 loaded (major 246)
[    0.610057] io scheduler noop registered
[    0.610554] io scheduler deadline registered
[    0.611271] io scheduler cfq registered (default)
[    0.612193] ACPI: AC Adapter [AC] (on-line)
[    0.612751] input: Power Button as /devices/LNXSYSTM:00/LNXPWRBN:00/input/input0
[    0.613733] ACPI: Power Button [PWRF]
[    0.614296] input: Sleep Button as /devices/LNXSYSTM:00/LNXSLPBN:00/input/input1
[    0.615251] ACPI: Sleep Button [SLPF]
[    0.616471] ACPI: Battery Slot [BAT0] (battery present)
[    0.617255] Serial: 8250/16550 driver, 32 ports, IRQ sharing enabled
[    0.638665] 00:02: ttyS0 at I/O 0x3f8 (irq = 4, base_baud = 115200) is a 16550A
[    0.641563] Linux agpgart interface v0.103
[    0.646926] loop: module loaded
[    0.647883] scsi host0: ata_piix
[    0.648520] scsi host1: ata_piix
[    0.648992] ata1: PATA max UDMA/33 cmd 0x1f0 ctl 0x3f6 bmdma 0xd000 irq 14
[    0.649800] ata2: PATA max UDMA/33 cmd 0x170 ctl 0x376 bmdma 0xd008 irq 15
[    0.650977] libphy: Fixed MDIO Bus: probed
[    0.651551] tun: Universal TUN/TAP device driver, 1.6
[    0.652332] PPP generic driver version 2.4.2
[    0.652955] ehci_hcd: USB 2.0 'Enhanced' Host Controller (EHCI) Driver
[    0.653725] ehci-pci: EHCI PCI platform driver
[    0.654324] ehci-platform: EHCI generic platform driver
[    0.655018] ohci_hcd: USB 1.1 'Open' Host Controller (OHCI) Driver
[    0.655774] ohci-pci: OHCI PCI platform driver
[    0.656456] ohci-platform: OHCI generic platform driver
[    0.657178] uhci_hcd: USB Universal Host Controller Interface driver
[    0.658003] i8042: PNP: PS/2 Controller [PNP0303:PS2K,PNP0f03:PS2M] at 0x60,0x64 irq 1,12
[    0.659624] serio: i8042 KBD port at 0x60,0x64 irq 1
[    0.660555] serio: i8042 AUX port at 0x60,0x64 irq 12
[    0.661546] mousedev: PS/2 mouse device common for all mice
[    0.662781] rtc_cmos rtc_cmos: rtc core: registered rtc_cmos as rtc0
[    0.663736] input: AT Translated Set 2 keyboard as /devices/platform/i8042/serio0/input/input2
[    0.664959] rtc_cmos rtc_cmos: alarms up to one day, 114 bytes nvram
[    0.665780] i2c /dev entries driver
[    0.666292] device-mapper: uevent: version 1.0.3
[    0.666980] device-mapper: ioctl: 4.37.0-ioctl (2017-09-20) initialised: dm-devel@redhat.com
[    0.668269] ledtrig-cpu: registered to indicate activity on CPUs
[    0.671681] NET: Registered protocol family 10
[    0.674280] Segment Routing with IPv6
[    0.674790] NET: Registered protocol family 17
[    0.675483] Key type dns_resolver registered
[    0.676253] mce: Using 0 MCE banks
[    0.676854] RAS: Correctable Errors collector initialized.
[    0.677659] sched_clock: Marking stable (676186249, 0)->(820641548, -144455299)
[    0.678850] registered taskstats version 1
[    0.679412] Loading compiled-in X.509 certificates
[    0.681485] Loaded X.509 cert 'Build time autogenerated kernel key: c0b12e93431a85da2633d00ac393f61630080db8'
[    0.682736] zswap: loaded using pool lzo/zbud
[    0.685302] Key type big_key registered
[    0.685824] Key type trusted registered
[    0.688152] Key type encrypted registered
[    0.688690] AppArmor: AppArmor sha1 policy hashing enabled
[    0.689503] ima: No TPM chip found, activating TPM-bypass! (rc=-19)
[    0.690297] ima: Allocated hash algorithm: sha1
[    0.690909] evm: HMAC attrs: 0x1
[    0.691587]   Magic number: 5:119:131
[    0.692422] rtc_cmos rtc_cmos: setting system clock to 2021-01-08 14:07:37 UTC (1610114857)
[    0.694003] BIOS EDD facility v0.16 2004-Jun-25, 0 devices found
[    0.694982] EDD information not available.
[    0.811148] Freeing unused kernel image memory: 2440K
[    0.824429] Write protecting the kernel read-only data: 20480k
[    0.827842] Freeing unused kernel image memory: 2008K
[    0.830132] Freeing unused kernel image memory: 1868K
[    0.837294] x86/mm: Checked W+X mappings: passed, no W+X pages found.
Loading, please wait...
starting version 237
[    0.892238] e1000: Intel(R) PRO/1000 Network Driver - version 7.3.21-k8-NAPI
[    0.893525] e1000: Copyright (c) 1999-2006 Intel Corporation.
[    0.907552] Fusion MPT base driver 3.04.20
[    0.908341] Copyright (c) 1999-2008 LSI Corporation
[    0.913717] AVX2 version of gcm_enc/dec engaged.
[    0.914468] AES CTR mode by8 optimization enabled
[    0.922738] Fusion MPT SPI Host driver 3.04.20
[    1.102733] input: ImExPS/2 Generic Explorer Mouse as /devices/platform/i8042/serio1/input/input4
[    1.294466] e1000 0000:00:03.0 eth0: (PCI:33MHz:32-bit) 02:aa:88:9b:9c:f1
[    1.295560] e1000 0000:00:03.0 eth0: Intel(R) PRO/1000 Network Connection
[    1.890910] e1000 0000:00:08.0 eth1: (PCI:33MHz:32-bit) 08:00:27:18:a5:d1
[    1.892264] e1000 0000:00:08.0 eth1: Intel(R) PRO/1000 Network Connection
[    1.894401] e1000 0000:00:08.0 enp0s8: renamed from eth1
[    1.895370] mptbase: ioc0: Initiating bringup
[    1.921105] e1000 0000:00:03.0 enp0s3: renamed from eth0
[    2.286908] ioc0: LSI53C1030 A0: Capabilities={Initiator}
[    2.940798] scsi host2: ioc0: LSI53C1030 A0, FwRev=00000000h, Ports=1, MaxQ=256, IRQ=20
[    3.624399] scsi 2:0:0:0: Direct-Access     VBOX     HARDDISK         1.0  PQ: 0 ANSI: 5
[    3.889145] scsi target2:0:0: Beginning Domain Validation
[    3.898891] scsi target2:0:0: Domain Validation skipping write tests
[    3.902605] scsi target2:0:0: Ending Domain Validation
[    3.905919] scsi target2:0:0: asynchronous
[    3.910340] scsi 2:0:1:0: Direct-Access     VBOX     HARDDISK         1.0  PQ: 0 ANSI: 5
[    4.165918] scsi target2:0:1: Beginning Domain Validation
[    4.169568] random: fast init done
[    4.170491] scsi target2:0:1: Domain Validation skipping write tests
[    4.171279] scsi target2:0:1: Ending Domain Validation
[    4.172009] scsi target2:0:1: asynchronous
[    4.175393] random: systemd-udevd: uninitialized urandom read (16 bytes read)
[    4.176456] random: systemd-udevd: uninitialized urandom read (16 bytes read)
[    4.177347] random: systemd-udevd: uninitialized urandom read (16 bytes read)
[    4.178584] sd 2:0:0:0: [sda] 20971520 512-byte logical blocks: (10.7 GB/10.0 GiB)
[    4.180103] sd 2:0:0:0: [sda] Write Protect is off
[    4.180819] sd 2:0:0:0: [sda] Incomplete mode parameter data
[    4.181543] sd 2:0:0:0: [sda] Assuming drive cache: write through
[    4.182856] sd 2:0:0:0: Attached scsi generic sg0 type 0
[    4.184534] sd 2:0:1:0: [sdb] 20480 512-byte logical blocks: (10.5 MB/10.0 MiB)
[    4.184565] sd 2:0:1:0: Attached scsi generic sg1 type 0
[    4.186365] sd 2:0:1:0: [sdb] Write Protect is off
[    4.187472] sd 2:0:1:0: [sdb] Incomplete mode parameter data
[    4.188223] sd 2:0:1:0: [sdb] Assuming drive cache: write through
[    4.193861]  sda: sda1
[    4.194756] sd 2:0:0:0: [sda] Attached SCSI disk
[    4.195791] sd 2:0:1:0: [sdb] Attached SCSI disk
Begin: Loading essential drivers ... [    5.596046] raid6: sse2x1   gen() 12974 MB/s
[    5.644093] raid6: sse2x1   xor()  7715 MB/s
[    5.692068] raid6: sse2x2   gen() 16063 MB/s
[    5.740461] raid6: sse2x2   xor() 10430 MB/s
[    5.788279] raid6: sse2x4   gen() 17203 MB/s
[    5.836093] raid6: sse2x4   xor()  8276 MB/s
[    5.884366] raid6: avx2x1   gen() 26457 MB/s
[    5.932022] raid6: avx2x1   xor() 15028 MB/s
[    5.980080] raid6: avx2x2   gen() 29906 MB/s
[    6.028559] raid6: avx2x2   xor() 19721 MB/s
[    6.076204] raid6: avx2x4   gen() 34377 MB/s
[    6.124099] raid6: avx2x4   xor() 18900 MB/s
[    6.124905] raid6: using algorithm avx2x4 gen() 34377 MB/s
[    6.125697] raid6: .... xor() 18900 MB/s, rmw enabled
[    6.126527] raid6: using avx2x2 recovery algorithm
[    6.128112] xor: automatically using best checksumming function   avx       
[    6.130004] async_tx: api initialized (async)
done.
Begin: Running /scripts/init-premount ... done.
Begin: Mounting root file system ... Begin: Running /scripts/local-top ... done.
Begin: Running /scripts/local-premount ... [    6.162231] Btrfs loaded, crc32c=crc32c-intel
Scanning for Btrfs filesystems
done.
Warning: fsck not present, so skipping root file system
[    6.195134] EXT4-fs (sda1): INFO: recovery required on readonly filesystem
[    6.196014] EXT4-fs (sda1): write access will be enabled during recovery
[    6.205691] EXT4-fs (sda1): recovery complete
[    6.206602] EXT4-fs (sda1): mounted filesystem with ordered data mode. Opts: (null)
done.
Begin: Running /scripts/local-bottom ... done.
Begin: Running /scripts/init-bottom ... done.
[    6.319657] ip_tables: (C) 2000-2006 Netfilter Core Team
[    6.326055] systemd[1]: systemd 237 running in system mode. (+PAM +AUDIT +SELINUX +IMA +APPARMOR +SMACK +SYSVINIT +UTMP +LIBCRYPTSETUP +GCRYPT +GNUTLS +ACL +XZ +LZ4 +SECCOMP +BLKID +ELFUTILS +KMOD -IDN2 +IDN -PCRE2 default-hierarchy=hybrid)
[    6.328742] systemd[1]: Detected virtualization oracle.
[    6.329420] systemd[1]: Detected architecture x86-64.

Welcome to [1mUbuntu 18.04.5 LTS[0m!

[    6.344018] systemd[1]: Set hostname to <kubenode01>.
[    6.513935] systemd[1]: Configuration file /lib/systemd/system/kubelet.service is marked world-inaccessible. This has no effect as configuration data is accessible via APIs without restrictions. Proceeding anyway.
[    6.517115] systemd[1]: Configuration file /etc/systemd/system/kubelet.service.d/10-kubeadm.conf is marked world-inaccessible. This has no effect as configuration data is accessible via APIs without restrictions. Proceeding anyway.
[    6.538478] systemd[1]: Started Forward Password Requests to Wall Directory Watch.
[[0;32m  OK  [0m] Started Forward Password Requests to Wall Directory Watch.
[    6.541520] systemd[1]: Created slice User and Session Slice.
[[0;32m  OK  [0m] Created slice User and Session Slice.
[    6.542908] systemd[1]: Reached target System Time Synchronized.
[[0;32m  OK  [0m] Reached target System Time Synchronized.
[    6.544362] systemd[1]: Set up automount Arbitrary Executable File Formats File System Automount Point.
[[0;32m  OK  [0m] Set up automount Arbitrary Executabâ€¦rmats File System Automount Point.
[[0;32m  OK  [0m] Reached target User and Group Name Lookups.
[[0;32m  OK  [0m] Created slice System Slice.
[[0;32m  OK  [0m] Listening on Device-mapper event daemon FIFOs.
[[0;32m  OK  [0m] Created slice system-serial\x2dgetty.slice.
[[0;32m  OK  [0m] Listening on udev Control Socket.
[[0;32m  OK  [0m] Listening on LVM2 poll daemon socket.
[[0;32m  OK  [0m] Listening on Network Service Netlink Socket.
[[0;32m  OK  [0m] Listening on /dev/initctl Compatibility Named Pipe.
[[0;32m  OK  [0m] Reached target Swap.
[[0;32m  OK  [0m] Listening on Journal Socket (/dev/log).
[[0;32m  OK  [0m] Listening on Syslog Socket.
[[0;32m  OK  [0m] Listening on Journal Socket.
         Starting Remount Root and Kernel File Systems...
         Starting Create list of required stâ€¦ce nodes for the current kernel...
         Starting Load Kernel Modules...
         Mounting POSIX Message Queue File System...
         Starting Set the console keyboard layout...
[    6.590931] EXT4-fs (sda1): re-mounted. Opts: (null)
         Starting Uncomplicated firewall...
[[0;32m  OK  [0m] Reached target Slices.
[    6.599865] bridge: filtering via arp/ip/ip6tables is no longer available by default. Update your scripts to load br_netfilter if you need this.
[    6.602842] Bridge firewalling registered
[[0;32m  OK  [0m] Listening on Journal Audit Socket.
         Starting Journal Service...
[    6.607509] Loading iSCSI transport class v2.0-870.
         Mounting Kernel Debug File System...
[[0;32m  OK  [0m] Listening on LVM2 metadata daemon socket.
[[0;32m  OK  [0m] Listening on udev Kernel Socket.
         Starting udev Coldplug all Devices...
         Starting Monitoring of LVM2 mirrorsâ€¦ng dmeventd or progress polling...
         Mounting Huge Pages File System...
[[0;32m  OK  [0m] Started Remount Root and Kernel File Systems.
[[0;32m  OK  [0m] Started Create list of required staâ€¦vice nodes for the current kernel.
[[0;32m  OK  [0m] Mounted POSIX Message Queue File System.
[[0;32m  OK  [0m] Started Uncomplicated firewall.
[[0;32m  OK  [0m] Mounted Kernel Debug File System.
[[0;32m  OK  [0m] Mounted Huge Pages File System.
         Starting Create Static Device Nodes in /dev...
         Starting Load/Save Random Seed...
[    6.648345] iscsi: registered transport (tcp)
[[0;32m  OK  [0m] Started Journal Service.
[[0;32m  OK  [0m] Started LVM2 metadata daemon.
         Starting Flush Journal to Persistent Storage...
[[0;32m  OK  [0m] Started udev Coldplug all Devices.
[[0;32m  OK  [0m] Started Create Static Device Nodes in /dev.
         Starting udev Kernel Device Manager...
[[0;32m  OK  [0m] Started Load/Save Random Seed.
[    6.716296] iscsi: registered transport (iser)
[[0;32m  OK  [0m] Started Load Kernel Modules.
         Starting Apply Kernel Variables...
         Mounting FUSE Control File System...
         Mounting Kernel Configuration File System...
[[0;32m  OK  [0m] Mounted FUSE Control File System.
[[0;32m  OK  [0m] Mounted Kernel Configuration File System.
[    6.731116] systemd-journald[408]: Received request to flush runtime journal from PID 1
[[0;32m  OK  [0m] Started udev Kernel Device Manager.
[[0;32m  OK  [0m] Started Monitoring of LVM2 mirrors,â€¦sing dmeventd or progress polling.
[[0;32m  OK  [0m] Started Apply Kernel Variables.
[[0;32m  OK  [0m] Started Set the console keyboard layout.
[[0;32m  OK  [0m] Reached target Local File Systems (Pre).
[[0;32m  OK  [0m] Reached target Local File Systems.
         Starting Tell Plymouth To Write Out Runtime Data...
         Starting Set console font and keymap...
         Starting AppArmor initialization...
         Starting ebtables ruleset management...
[[0;32m  OK  [0m] Started Dispatch Password Requests to Console Directory Watch.
[[0;32m  OK  [0m] Reached target Local Encrypted Volumes.
[[0;32m  OK  [0m] Started Set console font and keymap.
[[0;32m  OK  [0m] Started Tell Plymouth To Write Out Runtime Data.
[[0;32m  OK  [0m] Found device /dev/ttyS0.
[[0;32m  OK  [0m] Started Flush Journal to Persistent Storage.
         Starting Create Volatile Files and Directories...
[[0;32m  OK  [0m] Listening on Load/Save RF Kill Switch Status /dev/rfkill Watch.
[[0;32m  OK  [0m] Started Create Volatile Files and Directories.
         Starting Update UTMP about System Boot/Shutdown...
[[0;32m  OK  [0m] Started ebtables ruleset management.
[[0;32m  OK  [0m] Started Update UTMP about System Boot/Shutdown.
[[0;32m  OK  [0m] Started AppArmor initialization.
         Starting Initial cloud-init job (pre-networking)...
         Starting Load AppArmor profiles managed internally by snapd...
[[0;32m  OK  [0m] Started Load AppArmor profiles managed internally by snapd.
[    8.277320] cloud-init[565]: Cloud-init v. 20.4-0ubuntu1~18.04.1 running 'init-local' at Fri, 08 Jan 2021 14:07:44 +0000. Up 8.14 seconds.
[[0;32m  OK  [0m] Started Initial cloud-init job (pre-networking).
[[0;32m  OK  [0m] Reached target Network (Pre).
         Starting Network Service...
[[0;32m  OK  [0m] Started Network Service.
         Starting Network Name Resolution...
         Starting Wait for Network to be Configured...
[[0;32m  OK  [0m] Started Network Name Resolution.
[[0;32m  OK  [0m] Reached target Host and Network Name Lookups.
[[0;32m  OK  [0m] Reached target Network.
[[0;32m  OK  [0m] Started Wait for Network to be Configured.
         Starting Initial cloud-init job (metadata service crawler)...
[   10.822224] cloud-init[689]: Cloud-init v. 20.4-0ubuntu1~18.04.1 running 'init' at Fri, 08 Jan 2021 14:07:47 +0000. Up 10.69 seconds.
[   10.832151] cloud-init[689]: ci-info: ++++++++++++++++++++++++++++++++++++++Net device info+++++++++++++++++++++++++++++++++++++++
[   10.832990] cloud-init[689]: ci-info: +--------+------+-----------------------------+---------------+--------+-------------------+
[   10.833924] cloud-init[689]: ci-info: | Device |  Up  |           Address           |      Mask     | Scope  |     Hw-Address    |
[   10.835038] cloud-init[689]: ci-info: +--------+------+-----------------------------+---------------+--------+-------------------+
[   10.836124] cloud-init[689]: ci-info: | enp0s3 | True |          10.0.2.15          | 255.255.255.0 | global | 02:aa:88:9b:9c:f1 |
[   10.837241] cloud-init[689]: ci-info: | enp0s3 | True |  fe80::aa:88ff:fe9b:9cf1/64 |       .       |  link  | 02:aa:88:9b:9c:f1 |
[   10.848319] cloud-init[689]: ci-info: | enp0s8 | True |         192.168.56.3        | 255.255.255.0 | global | 08:00:27:18:a5:d1 |
[   10.860236] cloud-init[689]: ci-info: | enp0s8 | True | fe80::a00:27ff:fe18:a5d1/64 |       .       |  link  | 08:00:27:18:a5:d1 |
[   10.861196] cloud-init[689]: ci-info: |   lo   | True |          127.0.0.1          |   255.0.0.0   |  host  |         .         |
[   10.862300] cloud-init[689]: ci-info: |   lo   | True |           ::1/128           |       .       |  host  |         .         |
[   10.863168] cloud-init[689]: ci-info: +--------+------+-----------------------------+---------------+--------+-------------------+
[   10.864341] cloud-init[689]: ci-info: +++++++++++++++++++++++++++++Route IPv4 info+++++++++++++++++++++++++++++
[   10.865312] cloud-init[689]: ci-info: +-------+--------------+----------+-----------------+-----------+-------+
[   10.866327] cloud-init[689]: ci-info: | Route | Destination  | Gateway  |     Genmask     | Interface | Flags |
[   10.867294] cloud-init[689]: ci-info: +-------+--------------+----------+-----------------+-----------+-------+
[   10.893648] cloud-init[689]: ci-info: |   0   |   0.0.0.0    | 10.0.2.2 |     0.0.0.0     |   enp0s3  |   UG  |
[   10.894713] cloud-init[689]: ci-info: |   1   |   10.0.2.0   | 0.0.0.0  |  255.255.255.0  |   enp0s3  |   U   |
[   10.895591] cloud-init[689]: ci-info: |   2   |   10.0.2.2   | 0.0.0.0  | 255.255.255.255 |   enp0s3  |   UH  |
[   10.896803] cloud-init[689]: ci-info: |   3   | 192.168.56.0 | 0.0.0.0  |  255.255.255.0  |   enp0s8  |   U   |
[   10.897883] cloud-init[689]: ci-info: +-------+--------------+----------+-----------------+-----------+-------+
[   10.898946] cloud-init[689]: ci-info: +++++++++++++++++++Route IPv6 info+++++++++++++++++++
[   10.899887] cloud-init[689]: ci-info: +-------+-------------+---------+-----------+-------+
[   10.900802] cloud-init[689]: ci-info: | Route | Destination | Gateway | Interface | Flags |
[   10.901651] cloud-init[689]: ci-info: +-------+-------------+---------+-----------+-------+
[   10.902491] cloud-init[689]: ci-info: |   1   |  fe80::/64  |    ::   |   enp0s8  |   U   |
[   10.903326] cloud-init[689]: ci-info: |   2   |  fe80::/64  |    ::   |   enp0s3  |   U   |
[   10.904139] cloud-init[689]: ci-info: |   4   |    local    |    ::   |   enp0s3  |   U   |
[   10.905048] cloud-init[689]: ci-info: |   5   |    local    |    ::   |   enp0s8  |   U   |
[   10.905907] cloud-init[689]: ci-info: |   6   |   ff00::/8  |    ::   |   enp0s8  |   U   |
[   10.906631] cloud-init[689]: ci-info: |   7   |   ff00::/8  |    ::   |   enp0s3  |   U   |
[   10.907545] cloud-init[689]: ci-info: +-------+-------------+---------+-----------+-------+
[[0;32m  OK  [0m] Started Initial cloud-init job (metadata service crawler).
[[0;32m  OK  [0m] Reached target System Initialization.
[[0;32m  OK  [0m] Started ACPI Events Check.
[[0;32m  OK  [0m] Started Discard unused blocks once a week.
[[0;32m  OK  [0m] Listening on Open-iSCSI iscsid Socket.
[[0;32m  OK  [0m] Started Message of the Day.
[[0;32m  OK  [0m] Started Daily apt download activities.
[[0;32m  OK  [0m] Started Daily apt upgrade and clean activities.
         Starting Docker Socket for the API.
         Starting LXD - unix socket.
[[0;32m  OK  [0m] Listening on ACPID Listen Socket.
[[0;32m  OK  [0m] Listening on D-Bus System Message Bus Socket.
[[0;32m  OK  [0m] Listening on UUID daemon activation socket.
[[0;32m  OK  [0m] Started Daily Cleanup of Temporary Directories.
         Starting Socket activation for snappy daemon.
[[0;32m  OK  [0m] Reached target Timers.
[[0;32m  OK  [0m] Reached target Paths.
[[0;32m  OK  [0m] Reached target Network is Online.
         Starting Availability of block devices...
[[0;32m  OK  [0m] Reached target Remote File Systems (Pre).
[[0;32m  OK  [0m] Reached target Remote File Systems.
[[0;32m  OK  [0m] Reached target Cloud-config availability.
[[0;32m  OK  [0m] Listening on Docker Socket for the API.
[[0;32m  OK  [0m] Listening on LXD - unix socket.
[[0;32m  OK  [0m] Listening on Socket activation for snappy daemon.
[[0;32m  OK  [0m] Reached target Sockets.
[[0;32m  OK  [0m] Reached target Basic System.
[[0;32m  OK  [0m] Started kubelet: The Kubernetes Node Agent.
         Starting Dispatcher daemon for systemd-networkd...
         Starting Login Service...
         Starting Virtualbox guest utils...
[[0;32m  OK  [0m] Started irqbalance daemon.
[[0;32m  OK  [0m] Started Deferred execution scheduler.
[[0;32m  OK  [0m] Started Regular background program processing daemon.
[[0;32m  OK  [0m] Started D-Bus System Message Bus.
[[0;32m  OK  [0m] Started Login Service.
         Starting LSB: automatic crash report generation...
         Starting containerd container runtime...
         Starting Accounts Service...
         Starting Permit User Sessions...
         Starting OpenBSD Secure Shell server...
         Starting LSB: Record successful boot for GRUB...
         Starting LXD - container startup/shutdown...
         Starting System Logging Service...
[[0;32m  OK  [0m] Started Unattended Upgrades Shutdown.
[[0;32m  OK  [0m] Started FUSE filesystem for LXC.
         Starting Snap Daemon...
[[0;32m  OK  [0m] Started System Logging Service.
[[0;32m  OK  [0m] Started Availability of block devices.
[[0;32m  OK  [0m] Started containerd container runtime.
[[0;32m  OK  [0m] Started Permit User Sessions.
         Starting Authorization Manager...
         Starting Hold until boot process finishes up...
         Starting Terminate Plymouth Boot Screen...
         Starting Docker Application Container Engine...
[[0;32m  OK  [0m] Started Hold until boot process finishes up.
[[0;32m  OK  [0m] Started Terminate Plymouth Boot Screen.
         Starting Set console scheme...
[[0;32m  OK  [0m] Started Serial Getty on ttyS0.
[[0;32m  OK  [0m] Started OpenBSD Secure Shell server.
[[0;32m  OK  [0m] Started LSB: automatic crash report generation.
[[0;32m  OK  [0m] Started Set console scheme.
[[0;32m  OK  [0m] Created slice system-getty.slice.
[[0;32m  OK  [0m] Started Getty on tty1.
[[0;32m  OK  [0m] Reached target Login Prompts.
[[0;32m  OK  [0m] Started LSB: Record successful boot for GRUB.
[[0;32m  OK  [0m] Started Authorization Manager.
[[0;32m  OK  [0m] Started Accounts Service.
[[0;32m  OK  [0m] Started LXD - container startup/shutdown.
[[0;32m  OK  [0m] Started Virtualbox guest utils.
[[0;32m  OK  [0m] Started Kubernetes systemd probe.
[[0;32m  OK  [0m] Started Snap Daemon.
         Starting Wait until snapd is fully seeded...
[[0;32m  OK  [0m] Started Wait until snapd is fully seeded.
         Starting Apply the settings specified in cloud-config...
[[0;32m  OK  [0m] Started Dispatcher daemon for systemd-networkd.
[   13.966310] cloud-init[1213]: Cloud-init v. 20.4-0ubuntu1~18.04.1 running 'modules:config' at Fri, 08 Jan 2021 14:07:50 +0000. Up 13.87 seconds.
[[0;32m  OK  [0m] Started Apply the settings specified in cloud-config.
[[0;32m  OK  [0m] Started Docker Application Container Engine.
[[0;32m  OK  [0m] Reached target Multi-User System.
         Starting Execute cloud user/final scripts...
[[0;32m  OK  [0m] Reached target Graphical Interface.
         Starting Update UTMP about System Runlevel Changes...
[[0;32m  OK  [0m] Started Update UTMP about System Runlevel Changes.
[   15.670319] cloud-init[1460]: Cloud-init v. 20.4-0ubuntu1~18.04.1 running 'modules:final' at Fri, 08 Jan 2021 14:07:52 +0000. Up 15.59 seconds.
[   15.680385] cloud-init[1460]: Cloud-init v. 20.4-0ubuntu1~18.04.1 finished at Fri, 08 Jan 2021 14:07:52 +0000. Datasource DataSourceNoCloud [seed=/dev/sdb][dsmode=net].  Up 15.66 seconds
[[0;32m  OK  [0m] Started Execute cloud user/final scripts.
[[0;32m  OK  [0m] Reached target Cloud-init target.
         Starting Daily apt download activities...
[[0;32m  OK  [0m] Created slice libcontainer container kubepods.slice.
[[0;32m  OK  [0m] Created slice libcontainer container kubepods-burstable.slice.
[[0;32m  OK  [0m] Created slice libcontainer container kubepods-besteffort.slice.
[[0;32m  OK  [0m] Created slice libcontainer containeâ€¦e423_4c5c_86f5_e263811bf0d0.slice.
[[0;32m  OK  [0m] Created slice libcontainer containeâ€¦3f68_4047_9c0a_20a95190e679.slice.
[[0;32m  OK  [0m] Created slice libcontainer containeâ€¦4e85_42ae_91c5_98d18c321b09.slice.
[[0;32m  OK  [0m] Started Daily apt download activities.

Ubuntu 18.04.5 LTS kubenode01 ttyS0

kubenode01 login: 